
> l2ts-highfive-client-l2jmobius@0.4.50 test
> vitest run

node.exe : [33mThe CJS build of Vite's Node API is deprecated. See https://vite.dev/guide/troubleshooting.html#vi
te-cjs-node-api-deprecated for more details.[39m
строка:1 знак:1
+ & "C:\nodejs/node.exe" "C:\nodejs/node_modules/npm/bin/npm-cli.js" ru ...
+ ~~~~~~~~~~~~~~~~~~~~~~~~~~~~~~~~~~~~~~~~~~~~~~~~~~~~~~~~~~~~~~~~~~~~~
    + CategoryInfo          : NotSpecified: ([33mThe CJS bu...e details.[39m:String) [], RemoteException
    + FullyQualifiedErrorId : NativeCommandError
 

[1m[7m[36m RUN [39m[27m[22m [36mv2.1.9 [39m[90mC:/MyProg/l2ts-highfive-client-l2jmobius[39m

 [32mтЬУ[39m tests/performance/PacketSerializer.test.ts [2m([22m[2m7 tests[22m[2m)[22m[90m 9[2mms[22m[39m
[90mstdout[2m | tests/performance/PacketSerializer.test.ts
[22m[39mTest environment initialized
Test environment cleaned up

 [32mтЬУ[39m tests/performance/BufferPool.test.ts [2m([22m[2m11 tests[22m[2m)[22m[90m 9[2mms[22m[39m
[90mstdout[2m | tests/performance/BufferPool.test.ts
[22m[39mTest environment initialized
Test environment cleaned up

[90mstdout[2m | tests/performance/CacheManager.test.ts
[22m[39mTest environment initialized

[90mstdout[2m | tests/packets/MoveToLocationPacket.test.ts
[22m[39mTest environment initialized
Test environment cleaned up

 [32mтЬУ[39m tests/new-architecture/packets/FixPacketRangeErrors.test.ts [2m([22m[2m3 tests[22m[2m)[22m[90m 8[2mms[22m[39m
[90mstdout[2m | tests/new-architecture/domain/ValueObjects.test.ts
[22m[39mTest environment initialized
Test environment cleaned up

[90mstdout[2m | tests/new-architecture/infrastructure/Repository.test.ts
[22m[39mTest environment initialized
Test environment cleaned up

 [32mтЬУ[39m tests/packets/MoveToLocationPacket.test.ts [2m([22m[2m6 tests[22m[2m)[22m[90m 8[2mms[22m[39m
[90mstdout[2m | tests/new-architecture/packets/FixPacketRangeErrors.test.ts
[22m[39mTest environment initialized
Test environment cleaned up

 [32mтЬУ[39m tests/new-architecture/infrastructure/StateMachine.test.ts [2m([22m[2m10 tests[22m[2m)[22m[90m 12[2mms[22m[39m
 [32mтЬУ[39m tests/new-architecture/domain/ValueObjects.test.ts [2m([22m[2m16 tests[22m[2m)[22m[90m 10[2mms[22m[39m
 [32mтЬУ[39m tests/new-architecture/infrastructure/Repository.test.ts [2m([22m[2m14 tests[22m[2m)[22m[90m 11[2mms[22m[39m
[90mstdout[2m | tests/new-architecture/infrastructure/StateMachine.test.ts
[22m[39mTest environment initialized
Test environment cleaned up

 [32mтЬУ[39m src/__tests__/GameState.test.ts [2m([22m[2m10 tests[22m[2m)[22m[90m 13[2mms[22m[39m
[90mstdout[2m | src/__tests__/GameState.test.ts
[22m[39mTest environment initialized
Test environment cleaned up

 [31mтЭп[39m tests/new-architecture/packets/PacketEncoding.test.ts [2m([22m[2m3 tests[22m[2m | [22m[31m1 failed[39m[2m)[22m[90m 14[2mms[22m[39m
[31m   [31m├Ч[31m Packet Encoding/Decoding[2m > [22mNpcInfoPacket[2m > [22mshould decode NpcInfo packet[90m 6[2mms[22m[31m[39m
[31m     тЖТ expected 600 to be 500 // Object.is equality[39m
[90mstdout[2m | tests/new-architecture/packets/PacketEncoding.test.ts
[22m[39mTest environment initialized
Test environment cleaned up

[90mstdout[2m | tests/new-architecture/packets/PacketHandlers.test.ts
[22m[39mTest environment initialized
Test environment cleaned up

[90mstdout[2m | src/__tests__/GameStateUpdater.test.ts
[22m[39mTest environment initialized
Test environment cleaned up

[90mstdout[2m | tests/infrastructure/protocol/game/PacketDecoder.test.ts
[22m[39mTest environment initialized
Test environment cleaned up

 [31mтЭп[39m tests/new-architecture/packets/PacketHandlers.test.ts [2m([22m[2m5 tests[22m[2m | [22m[31m2 failed[39m[2m)[22m[90m 18[2mms[22m[39m
[31m   [31m├Ч[31m Packet Handlers[2m > [22mNpcInfoHandler[2m > [22mshould spawn new NPC[90m 6[2mms[22m[31m[39m
[31m     тЖТ expected 'c' to be 'Orc' // Object.is equality[39m
[31m   [31m├Ч[31m Packet Handlers[2m > [22mNpcInfoHandler[2m > [22mshould update existing NPC position[90m 2[2mms[22m[31m[39m
[31m     тЖТ expected 600 to be 500 // Object.is equality[39m
 [32mтЬУ[39m src/__tests__/GameStateUpdater.test.ts [2m([22m[2m21 tests[22m[2m)[22m[90m 14[2mms[22m[39m
 [31mтЭп[39m tests/infrastructure/protocol/game/PacketDecoder.test.ts [2m([22m[2m25 tests[22m[2m | [22m[31m10 failed[39m[2m)[22m[90m 22[2mms[22m[39m
[31m   [31m├Ч[31m PacketDecoder[2m > [22mdecodePacket[2m > [22mshould decode Init packet (0x00)[90m 7[2mms[22m[31m[39m
[31m     тЖТ expected 'auth.cryptinit' to be 'auth.init' // Object.is equality[39m
[31m   [31m├Ч[31m PacketDecoder[2m > [22mdecodePacket[2m > [22mshould decode Attack packet (0x0F)[90m 1[2mms[22m[31m[39m
[31m     тЖТ expected 'system.npchtmlmessage' to be 'game.combat.attack' // Object.is equality[39m
[31m   [31m├Ч[31m PacketDecoder[2m > [22mdecodePacket[2m > [22mshould decode Say2 packet (0x02)[90m 1[2mms[22m[31m[39m
[31m     тЖТ expected 'game.chat.npcsay' to be 'game.chat.say2' // Object.is equality[39m
[31m   [31m├Ч[31m PacketDecoder[2m > [22mdecodePacket[2m > [22mshould decode Die packet (0x05)[90m 1[2mms[22m[31m[39m
[31m     тЖТ expected 'game.combat.attack' to be 'game.combat.die' // Object.is equality[39m
[31m   [31m├Ч[31m PacketDecoder[2m > [22mpacket categories mapping[2m > [22mshould map opcode 0x00 to AUTH[90m 1[2mms[22m[31m[39m
[31m     тЖТ expected 'auth.cryptinit' to be 'auth.init' // Object.is equality[39m
[31m   [31m├Ч[31m PacketDecoder[2m > [22mpacket categories mapping[2m > [22mshould map opcode 0x02 to CHAT[90m 0[2mms[22m[31m[39m
[31m     тЖТ expected 'game.chat.npcsay' to be 'game.chat.say2' // Object.is equality[39m
[31m   [31m├Ч[31m PacketDecoder[2m > [22mpacket categories mapping[2m > [22mshould map opcode 0x03 to COMBAT[90m 0[2mms[22m[31m[39m
[31m     тЖТ expected 'SPAWN' to be 'COMBAT' // Object.is equality[39m
[31m   [31m├Ч[31m PacketDecoder[2m > [22mpacket categories mapping[2m > [22mshould map opcode 0x0b to SPAWN[90m 0[2mms[22m[31m[39m
[31m     тЖТ expected 'game.spawn.spawnitem' to be 'game.spawn.charinfo' // Object.is equality[39m
[31m   [31m├Ч[31m PacketDecoder[2m > [22mpacket categories mapping[2m > [22mshould map opcode 0x0a to INVENTORY[90m 0[2mms[22m[31m[39m
[31m     тЖТ expected 'SYSTEM' to be 'INVENTORY' // Object.is equality[39m
[31m   [31m├Ч[31m PacketDecoder[2m > [22mpacket categories mapping[2m > [22mshould map opcode 0x20 to SYSTEM[90m 0[2mms[22m[31m[39m
[31m     тЖТ expected 'system.socialaction' to be 'system.systemmessage' // Object.is equality[39m
[90mstderr[2m | tests/integration/PacketProcessorFallback.test.ts[2m > [22m[2mPacketProcessor Fallback[2m > 
[22m[2mshould fallback to handleHandshakePacket when opcode 0x04 is received in WAIT_CHAR_LIST state
[22m[39m[2026-03-27 10:59:55.570] [WARN] [GameClient] WAIT_CHAR_LIST: Unexpected opcode 0x4, expected: 0x9

[90mstdout[2m | tests/integration/PacketProcessorFallback.test.ts[2m > [22m[2mPacketProcessor Fallback[2m > [22m[2mshould fallback to handleHandshakePacket when opcode 0x04 is received in WAIT_CHAR_LIST state
[22m[39m[2026-03-27 10:59:55.568] [INFO] [GameClient] [RECV] opcode=0x04 state=WAIT_CHAR_LIST
[RECV] OpCode=0x4  Size=12 bytes
[2026-03-27 10:59:55.569] [DEBUG] [GameClient] [state=WAIT_CHAR_LIST] opcode=0x04 bodyLen=10
[HEXDUMP: RECV DECRYPTED]
0000: 04 01 00 00 00 00 00 00  00 00                   |..........      |
[2026-03-27 10:59:55.570] [DEBUG] [GameClient] Packet 0x04 recognized but NOT handled by new architecture in state=WAIT_CHAR_LIST. Falling back to legacy handler.
[2026-03-27 10:59:55.570] [INFO] [GameClient] handleHandshakePacket: opcode=0x04 state=WAIT_CHAR_LIST

[90mstdout[2m | tests/integration/PacketProcessorFallback.test.ts[2m > [22m[2mPacketProcessor Fallback[2m > [22m[2mshould NOT fallback when opcode 0x04 is received in WAIT_USER_INFO state
[22m[39m[2026-03-27 10:59:55.578] [INFO] [GameClient] [RECV] opcode=0x04 state=WAIT_USER_INFO
[RECV] OpCode=0x4  Size=202 bytes
[2026-03-27 10:59:55.578] [DEBUG] [GameClient] [state=WAIT_USER_INFO] opcode=0x04 bodyLen=200
[HEXDUMP: RECV DECRYPTED]
0000: 04 00 00 00 00 00 00 00  00 00 00 00 00 00 00 00 |................|
0016: 00 00 00 00 00 00 00 00  00 00 00 00 00 00 00 00 |................|
0032: 00 00 00 00 00 00 00 00  00 00 00 00 00 00 00 00 |................|
0048: 00 00 00 00 00 00 00 00  00 00 00 00 00 00 00 00 |................|
... (truncated)
[2026-03-27 10:59:55.579] [DEBUG] [GameClient] Processed packet opcode=0x04 via new architecture in state=WAIT_USER_INFO

 [31mтЭп[39m tests/integration/PacketProcessorFallback.test.ts [2m([22m[2m2 tests[22m[2m | [22m[31m1 failed[39m[2m)[22m[90m 18[2mms[22m[39m
[31m   [31m├Ч[31m PacketProcessor Fallback[2m > [22mshould fallback to handleHandshakePacket when opcode 0x04 is received in WAIT_CHAR_LIST state[90m 11[2mms[22m[31m[39m
[31m     тЖТ expected 'WAIT_CHAR_LIST' to be 'WAIT_CHAR_SELECTED' // Object.is equality[39m
[90mstdout[2m | tests/integration/PacketProcessorFallback.test.ts
[22m[39mTest environment initialized
Test environment cleaned up

[90mstdout[2m | src/__tests__/WsServer.test.ts
[22m[39mTest environment initialized

[90mstdout[2m | src/__tests__/WsServer.test.ts[2m > [22m[2mWsApiServer[2m > [22m[2m╨б╨╡╤А╨▓╨╡╤А ╤Б╤В╨░╤А╤В╤Г╨╡╤В ╨╕ ╨┐╤А╨╕╨╜╨╕╨╝╨░╨╡╤В ╤Б╨╛╨╡╨┤╨╕╨╜╨╡╨╜╨╕╤П[2m > [22m[2m╤Б╨╡╤А╨▓╨╡╤А ╤Б╤В╨░╤А╤В╤Г╨╡╤В ╨╜╨░ ╤Г╨║╨░╨╖╨░╨╜╨╜╨╛╨╝ ╨┐╨╛╤А╤В╤Г
[22m[39m[2026-03-27 10:59:55.589] [INFO] [HttpEndpoints] HTTP endpoints attached to server
[2026-03-27 10:59:55.591] [INFO] [WsApiServer] Move throttle: 100ms
[2026-03-27 10:59:55.591] [INFO] [WsApiServer] Server started on port 3333
[2026-03-27 10:59:55.591] [INFO] [WsApiServer] WebSocket: ws://localhost:3333
[2026-03-27 10:59:55.591] [INFO] [WsApiServer] HTTP endpoints: http://localhost:3333/api/v1/{snapshot|me|players|npcs|inventory|chat|stats|health}

[90mstdout[2m | src/__tests__/WsServer.test.ts[2m > [22m[2mWsApiServer[2m > [22m[2m╨б╨╡╤А╨▓╨╡╤А ╤Б╤В╨░╤А╤В╤Г╨╡╤В ╨╕ ╨┐╤А╨╕╨╜╨╕╨╝╨░╨╡╤В ╤Б╨╛╨╡╨┤╨╕╨╜╨╡╨╜╨╕╤П[2m > [22m[2m╤Б╨╡╤А╨▓╨╡╤А ╤Б╤В╨░╤А╤В╤Г╨╡╤В ╨╜╨░ ╤Г╨║╨░╨╖╨░╨╜╨╜╨╛╨╝ ╨┐╨╛╤А╤В╤Г
[22m[39m[2026-03-27 10:59:55.716] [INFO] [WsApiServer] Stopped
[2026-03-27 10:59:55.717] [INFO] [WsApiServer] HTTP server stopped

 [32mтЬУ[39m tests/performance/CacheManager.test.ts [2m([22m[2m12 tests[22m[2m)[22m[33m 335[2mms[22m[39m
[90mstdout[2m | tests/performance/CacheManager.test.ts
[22m[39mTest environment cleaned up

[90mstdout[2m | src/__tests__/WsServer.test.ts[2m > [22m[2mWsApiServer[2m > [22m[2m╨б╨╡╤А╨▓╨╡╤А ╤Б╤В╨░╤А╤В╤Г╨╡╤В ╨╕ ╨┐╤А╨╕╨╜╨╕╨╝╨░╨╡╤В ╤Б╨╛╨╡╨┤╨╕╨╜╨╡╨╜╨╕╤П[2m > [22m[2m╨┐╤А╨╕╨╜╨╕╨╝╨░╨╡╤В WebSocket ╤Б╨╛╨╡╨┤╨╕╨╜╨╡╨╜╨╕╨╡
[22m[39m[2026-03-27 10:59:55.822] [INFO] [HttpEndpoints] HTTP endpoints attached to server
[2026-03-27 10:59:55.822] [INFO] [WsApiServer] Move throttle: 100ms
[2026-03-27 10:59:55.823] [INFO] [WsApiServer] Server started on port 3334
[2026-03-27 10:59:55.823] [INFO] [WsApiServer] WebSocket: ws://localhost:3334
[2026-03-27 10:59:55.823] [INFO] [WsApiServer] HTTP endpoints: http://localhost:3334/api/v1/{snapshot|me|players|npcs|inventory|chat|stats|health}

[90mstdout[2m | src/__tests__/WsServer.test.ts[2m > [22m[2mWsApiServer[2m > [22m[2m╨б╨╡╤А╨▓╨╡╤А ╤Б╤В╨░╤А╤В╤Г╨╡╤В ╨╕ ╨┐╤А╨╕╨╜╨╕╨╝╨░╨╡╤В ╤Б╨╛╨╡╨┤╨╕╨╜╨╡╨╜╨╕╤П[2m > [22m[2m╨┐╤А╨╕╨╜╨╕╨╝╨░╨╡╤В WebSocket ╤Б╨╛╨╡╨┤╨╕╨╜╨╡╨╜╨╕╨╡
[22m[39m[2026-03-27 10:59:55.933] [INFO] [WsApiServer] Stopped
[2026-03-27 10:59:55.934] [INFO] [WsApiServer] HTTP server stopped

[90mstdout[2m | src/__tests__/WsServer.test.ts[2m > [22m[2mWsApiServer[2m > [22m[2m╨Я╤А╨╕ ╨┐╨╛╨┤╨║╨╗╤О╤З╨╡╨╜╨╕╨╕ ╨┐╨╛╨╗╤Г╤З╨░╨╡╨╝ welcome + snapshot[2m > [22m[2m╨╛╤В╨┐╤А╨░╨▓╨╗╤П╨╡╤В welcome ╤Б╨╛╨╛╨▒╤Й╨╡╨╜╨╕╨╡ ╨┐╤А╨╕ ╨┐╨╛╨┤╨║╨╗╤О╤З╨╡╨╜╨╕╨╕
[22m[39m[2026-03-27 10:59:56.046] [INFO] [HttpEndpoints] HTTP endpoints attached to server
[2026-03-27 10:59:56.046] [INFO] [WsApiServer] Move throttle: 100ms
[2026-03-27 10:59:56.046] [INFO] [WsApiServer] Server started on port 3335
[2026-03-27 10:59:56.046] [INFO] [WsApiServer] WebSocket: ws://localhost:3335
[2026-03-27 10:59:56.046] [INFO] [WsApiServer] HTTP endpoints: http://localhost:3335/api/v1/{snapshot|me|players|npcs|inventory|chat|stats|health}

[90mstdout[2m | tests/new-architecture/infrastructure/ConnectionRepository.test.ts
[22m[39mTest environment initialized

[90mstderr[2m | tests/new-architecture/infrastructure/EventBus.test.ts[2m > [22m[2mSimpleEventBus[2m > [22m
[2mshould handle errors in handlers gracefully
[22m[39mError in event handler for test.event: Error: Test error
    at [90mC:\MyProg\l2ts-highfive-client-l2jmobius\[39mtests\new-architecture\infrastructure\EventBus.test.ts:7
0:50
    at mockCall [90m(file:///C:/MyProg/l2ts-highfive-client-l2jmobius/[39mnode_modules/[4m@vitest/spy[24m/dist
/index.js:61:17[90m)[39m
    at spy [90m(file:///C:/MyProg/l2ts-highfive-client-l2jmobius/[39mnode_modules/[4mtinyspy[24m/dist/index.js
:45:80[90m)[39m
    at [90mC:\MyProg\l2ts-highfive-client-l2jmobius\[39msrc\infrastructure\event-bus\SimpleEventBus.ts:36:21
    at Set.forEach (<anonymous>)
    at SimpleEventBus.publish [90m(C:\MyProg\l2ts-highfive-client-l2jmobius\[39msrc\infrastructure\event-bus\Sim
pleEventBus.ts:34:22[90m)[39m
    at [90mC:\MyProg\l2ts-highfive-client-l2jmobius\[39mtests\new-architecture\infrastructure\EventBus.test.ts:7
7:26
    at Proxy.assertThrows [90m(file:///C:/MyProg/l2ts-highfive-client-l2jmobius/[39mnode_modules/[4mchai[24m/i
ndex.js:2767:5[90m)[39m
    at Proxy.methodWrapper [90m(file:///C:/MyProg/l2ts-highfive-client-l2jmobius/[39mnode_modules/[4mchai[24m/
index.js:1686:25[90m)[39m
    at Proxy.<anonymous> [90m(file:///C:/MyProg/l2ts-highfive-client-l2jmobius/[39mnode_modules/[4m@vitest/expe
ct[24m/dist/index.js:1029:16[90m)[39m

[90mstdout[2m | tests/new-architecture/infrastructure/EventBus.test.ts
[22m[39mTest environment initialized
Test environment cleaned up

 [32mтЬУ[39m tests/new-architecture/infrastructure/EventBus.test.ts [2m([22m[2m7 tests[22m[2m)[22m[90m 11[2mms[22m[39m
[90mstdout[2m | src/__tests__/WsServer.test.ts[2m > [22m[2mWsApiServer[2m > [22m[2m╨Я╤А╨╕ ╨┐╨╛╨┤╨║╨╗╤О╤З╨╡╨╜╨╕╨╕ ╨┐╨╛╨╗╤Г╤З╨░╨╡╨╝ welcome + snapshot[2m > [22m[2m╨╛╤В╨┐╤А╨░╨▓╨╗╤П╨╡╤В welcome ╤Б╨╛╨╛╨▒╤Й╨╡╨╜╨╕╨╡ ╨┐╤А╨╕ ╨┐╨╛╨┤╨║╨╗╤О╤З╨╡╨╜╨╕╨╕
[22m[39m[2026-03-27 10:59:56.152] [INFO] [WsApiServer] Stopped
[2026-03-27 10:59:56.153] [INFO] [WsApiServer] HTTP server stopped

 [32mтЬУ[39m tests/new-architecture/domain/Character.test.ts [2m([22m[2m6 tests[22m[2m)[22m[90m 5[2mms[22m[39m
[90mstdout[2m | tests/new-architecture/domain/Character.test.ts
[22m[39mTest environment initialized
Test environment cleaned up

[90mstdout[2m | tests/new-architecture/infrastructure/ConnectionRepository.test.ts
[22m[39mTest environment cleaned up

 [32mтЬУ[39m tests/new-architecture/infrastructure/ConnectionRepository.test.ts [2m([22m[2m6 tests[22m[2m)[22m[90m 16[2mms[22m[39m
[90mstdout[2m | tests/integration/CharacterSelection.test.ts[2m > [22m[2mGameClient Selection Flow[2m > [22m[2mshould transition to WAIT_CHAR_SELECTED after receiving CharSelectInfo (0x13)
[22m[39m[2026-03-27 10:59:56.151] [INFO] [GameClient] handleHandshakePacket: opcode=0x13 state=WAIT_CHAR_LIST

[90mstderr[2m | tests/integration/CharacterSelection.test.ts[2m > [22m[2mGameClient Selection Flow[2m > [22
m[2mshould transition to WAIT_CHAR_SELECTED after receiving CharSelectInfo (0x13)
[22m[39m[2026-03-27 10:59:56.152] [WARN] [GameClient] WAIT_CHAR_LIST: Unexpected opcode 0x13, expected: 0x9

[90mstdout[2m | tests/integration/CharacterSelection.test.ts[2m > [22m[2mGameClient Selection Flow[2m > [22m[2mshould transition to WAIT_USER_INFO after receiving CharSelected (0x15)
[22m[39m[2026-03-27 10:59:56.162] [INFO] [GameClient] handleHandshakePacket: opcode=0x15 state=WAIT_CHAR_SELECTED

 [31mтЭп[39m tests/integration/CharacterSelection.test.ts [2m([22m[2m2 tests[22m[2m | [22m[31m2 failed[39m[2m)[22m[90m 17[2mms[22m[39m
[31m   [31m├Ч[31m GameClient Selection Flow[2m > [22mshould transition to WAIT_CHAR_SELECTED after receiving CharSelectInfo (0x13)[90m 8[2mms[22m[31m[39m
[31m     тЖТ expected 'WAIT_CHAR_LIST' to be 'WAIT_CHAR_SELECTED' // Object.is equality[39m
[31m   [31m├Ч[31m GameClient Selection Flow[2m > [22mshould transition to WAIT_USER_INFO after receiving CharSelected (0x15)[90m 6[2mms[22m[31m[39m
[31m     тЖТ expected 'WAIT_CHAR_SELECTED' to be 'WAIT_USER_INFO' // Object.is equality[39m
[90mstdout[2m | tests/integration/CharacterSelection.test.ts
[22m[39mTest environment initialized
Test environment cleaned up

[90mstdout[2m | src/__tests__/WsServer.test.ts[2m > [22m[2mWsApiServer[2m > [22m[2m╨Я╤А╨╕ ╨┐╨╛╨┤╨║╨╗╤О╤З╨╡╨╜╨╕╨╕ ╨┐╨╛╨╗╤Г╤З╨░╨╡╨╝ welcome + snapshot[2m > [22m[2m╨╛╤В╨┐╤А╨░╨▓╨╗╤П╨╡╤В snapshot ╨┐╨╛╤Б╨╗╨╡ welcome
[22m[39m[2026-03-27 10:59:56.253] [INFO] [HttpEndpoints] HTTP endpoints attached to server
[2026-03-27 10:59:56.253] [INFO] [WsApiServer] Move throttle: 100ms
[2026-03-27 10:59:56.253] [INFO] [WsApiServer] Server started on port 3336
[2026-03-27 10:59:56.253] [INFO] [WsApiServer] WebSocket: ws://localhost:3336
[2026-03-27 10:59:56.253] [INFO] [WsApiServer] HTTP endpoints: http://localhost:3336/api/v1/{snapshot|me|players|npcs|inventory|chat|stats|health}

[90mstdout[2m | src/__tests__/WsServer.test.ts[2m > [22m[2mWsApiServer[2m > [22m[2m╨Я╤А╨╕ ╨┐╨╛╨┤╨║╨╗╤О╤З╨╡╨╜╨╕╨╕ ╨┐╨╛╨╗╤Г╤З╨░╨╡╨╝ welcome + snapshot[2m > [22m[2m╨╛╤В╨┐╤А╨░╨▓╨╗╤П╨╡╤В snapshot ╨┐╨╛╤Б╨╗╨╡ welcome
[22m[39m[2026-03-27 10:59:56.371] [INFO] [WsApiServer] Stopped
[2026-03-27 10:59:56.371] [INFO] [WsApiServer] HTTP server stopped

[90mstdout[2m | src/__tests__/WsServer.test.ts[2m > [22m[2mWsApiServer[2m > [22m[2m╨Ч╨░╨┐╤А╨╛╤Б get.me ╨▓╨╛╨╖╨▓╤А╨░╤Й╨░╨╡╤В ╨┤╨░╨╜╨╜╤Л╨╡ me[2m > [22m[2m╨▓╨╛╨╖╨▓╤А╨░╤Й╨░╨╡╤В ╨┤╨░╨╜╨╜╤Л╨╡ ╨┐╨╡╤А╤Б╨╛╨╜╨░╨╢╨░ ╨┐╤А╨╕ ╨╖╨░╨┐╤А╨╛╤Б╨╡ get.me
[22m[39m[2026-03-27 10:59:56.481] [INFO] [HttpEndpoints] HTTP endpoints attached to server
[2026-03-27 10:59:56.481] [INFO] [WsApiServer] Move throttle: 100ms
[2026-03-27 10:59:56.481] [INFO] [WsApiServer] Server started on port 3337
[2026-03-27 10:59:56.481] [INFO] [WsApiServer] WebSocket: ws://localhost:3337
[2026-03-27 10:59:56.481] [INFO] [WsApiServer] HTTP endpoints: http://localhost:3337/api/v1/{snapshot|me|players|npcs|inventory|chat|stats|health}

[90mstdout[2m | src/__tests__/WsServer.test.ts[2m > [22m[2mWsApiServer[2m > [22m[2m╨Ч╨░╨┐╤А╨╛╤Б get.me ╨▓╨╛╨╖╨▓╤А╨░╤Й╨░╨╡╤В ╨┤╨░╨╜╨╜╤Л╨╡ me[2m > [22m[2m╨▓╨╛╨╖╨▓╤А╨░╤Й╨░╨╡╤В ╨┤╨░╨╜╨╜╤Л╨╡ ╨┐╨╡╤А╤Б╨╛╨╜╨░╨╢╨░ ╨┐╤А╨╕ ╨╖╨░╨┐╤А╨╛╤Б╨╡ get.me
[22m[39m[2026-03-27 10:59:56.585] [INFO] [WsApiServer] Stopped
[2026-03-27 10:59:56.586] [INFO] [WsApiServer] HTTP server stopped

[90mstdout[2m | src/__tests__/WsServer.test.ts[2m > [22m[2mWsApiServer[2m > [22m[2mSubscribe ╨╜╨░ ["chat"] тЖТ ╨┐╨╛╨╗╤Г╤З╨░╨╡╨╝ ╤В╨╛╨╗╤М╨║╨╛ chat.message, ╨╜╨╡ entity.move[2m > [22m[2m╤Д╨╕╨╗╤М╤В╤А╤Г╨╡╤В ╤Б╨╛╨▒╤Л╤В╨╕╤П ╨┐╨╛ ╨┐╨╛╨┤╨┐╨╕╤Б╨║╨╡
[22m[39m[2026-03-27 10:59:56.685] [INFO] [HttpEndpoints] HTTP endpoints attached to server
[2026-03-27 10:59:56.686] [INFO] [WsApiServer] Move throttle: 100ms
[2026-03-27 10:59:56.686] [INFO] [WsApiServer] Server started on port 3338
[2026-03-27 10:59:56.686] [INFO] [WsApiServer] WebSocket: ws://localhost:3338
[2026-03-27 10:59:56.686] [INFO] [WsApiServer] HTTP endpoints: http://localhost:3338/api/v1/{snapshot|me|players|npcs|inventory|chat|stats|health}

[90mstdout[2m | src/__tests__/WsServer.test.ts[2m > [22m[2mWsApiServer[2m > [22m[2mSubscribe ╨╜╨░ ["chat"] тЖТ ╨┐╨╛╨╗╤Г╤З╨░╨╡╨╝ ╤В╨╛╨╗╤М╨║╨╛ chat.message, ╨╜╨╡ entity.move[2m > [22m[2m╤Д╨╕╨╗╤М╤В╤А╤Г╨╡╤В ╤Б╨╛╨▒╤Л╤В╨╕╤П ╨┐╨╛ ╨┐╨╛╨┤╨┐╨╕╤Б╨║╨╡
[22m[39m[2026-03-27 10:59:57.004] [INFO] [WsApiServer] Stopped
[2026-03-27 10:59:57.005] [INFO] [WsApiServer] HTTP server stopped

[90mstdout[2m | src/__tests__/WsServer.test.ts[2m > [22m[2mWsApiServer[2m > [22m[2mPing тЖТ Pong[2m > [22m[2m╨╛╤В╨▓╨╡╤З╨░╨╡╤В pong ╨╜╨░ ping ╨╖╨░╨┐╤А╨╛╤Б
[22m[39m[2026-03-27 10:59:57.111] [INFO] [HttpEndpoints] HTTP endpoints attached to server
[2026-03-27 10:59:57.112] [INFO] [WsApiServer] Move throttle: 100ms
[2026-03-27 10:59:57.112] [INFO] [WsApiServer] Server started on port 3339
[2026-03-27 10:59:57.112] [INFO] [WsApiServer] WebSocket: ws://localhost:3339
[2026-03-27 10:59:57.112] [INFO] [WsApiServer] HTTP endpoints: http://localhost:3339/api/v1/{snapshot|me|players|npcs|inventory|chat|stats|health}

[90mstdout[2m | src/__tests__/WsServer.test.ts[2m > [22m[2mWsApiServer[2m > [22m[2mPing тЖТ Pong[2m > [22m[2m╨╛╤В╨▓╨╡╤З╨░╨╡╤В pong ╨╜╨░ ping ╨╖╨░╨┐╤А╨╛╤Б
[22m[39m[2026-03-27 10:59:57.222] [INFO] [WsApiServer] Stopped
[2026-03-27 10:59:57.222] [INFO] [WsApiServer] HTTP server stopped

[90mstdout[2m | src/__tests__/WsServer.test.ts[2m > [22m[2mWsApiServer[2m > [22m[2mPing тЖТ Pong[2m > [22m[2mpong ╤Б╨╛╨┤╨╡╤А╨╢╨╕╤В ╨║╨╛╤А╤А╨╡╨║╤В╨╜╤Г╤О ╤Б╤В╤А╤Г╨║╤В╤Г╤А╤Г
[22m[39m[2026-03-27 10:59:57.327] [INFO] [HttpEndpoints] HTTP endpoints attached to server
[2026-03-27 10:59:57.327] [INFO] [WsApiServer] Move throttle: 100ms
[2026-03-27 10:59:57.327] [INFO] [WsApiServer] Server started on port 3340
[2026-03-27 10:59:57.327] [INFO] [WsApiServer] WebSocket: ws://localhost:3340
[2026-03-27 10:59:57.327] [INFO] [WsApiServer] HTTP endpoints: http://localhost:3340/api/v1/{snapshot|me|players|npcs|inventory|chat|stats|health}

[90mstdout[2m | src/__tests__/WsServer.test.ts[2m > [22m[2mWsApiServer[2m > [22m[2mPing тЖТ Pong[2m > [22m[2mpong ╤Б╨╛╨┤╨╡╤А╨╢╨╕╤В ╨║╨╛╤А╤А╨╡╨║╤В╨╜╤Г╤О ╤Б╤В╤А╤Г╨║╤В╤Г╤А╤Г
[22m[39m[2026-03-27 10:59:57.439] [INFO] [WsApiServer] Stopped
[2026-03-27 10:59:57.439] [INFO] [WsApiServer] HTTP server stopped

[90mstdout[2m | src/__tests__/WsServer.test.ts
[22m[39mTest environment cleaned up

 [32mтЬУ[39m src/__tests__/WsServer.test.ts [2m([22m[2m8 tests[22m[2m)[22m[33m 1967[2mms[22m[39m
   [33m[2mтЬУ[22m[39m WsApiServer[2m > [22mSubscribe ╨╜╨░ ["chat"] тЖТ ╨┐╨╛╨╗╤Г╤З╨░╨╡╨╝ ╤В╨╛╨╗╤М╨║╨╛ chat.message, ╨╜╨╡ entity.move[2m > [22m╤Д╨╕╨╗╤М╤В╤А╤Г╨╡╤В ╤Б╨╛╨▒╤Л╤В╨╕╤П ╨┐╨╛ ╨┐╨╛╨┤╨┐╨╕╤Б╨║╨╡ [33m426[2mms[22m[39m

[31mтОптОптОптОптОптОп[1m[7m Failed Tests 16 [27m[22mтОптОптОптОптОптОптОп[39m

[31m[1m[7m FAIL [27m[22m[39m tests/integration/CharacterSelection.test.ts[2m > [22mGameClient Selection Fl
ow[2m > [22mshould transition to WAIT_CHAR_SELECTED after receiving CharSelectInfo (0x13)
[31m[1mAssertionError[22m: expected 'WAIT_CHAR_LIST' to be 'WAIT_CHAR_SELECTED' // Object.is equality[39m

Expected: [32m"WAIT_CHAR_[7mSELECTED[27m"[39m
Received: [31m"WAIT_CHAR_[7mLIST[27m"[39m

[36m [2mтЭп[22m tests/integration/CharacterSelection.test.ts:[2m79:43[22m[39m
    [90m 77| [39m        (gameClient [35mas[39m any)[33m.[39m[34mhandleHandshakePacket[39m([33mCHAR_SELEC
T_INFO_OPC[39mтАж
    [90m 78| [39m        
    [90m 79| [39m        [34mexpect[39m((gameClient [35mas[39m any)[33m.[39mstate)[33m.[39m[34mtoBe[39
m([33mGameClientState[39m[33m.[39m[33mWAIT_CH[39mтАж
    [90m   | [39m                                          [31m^[39m
    [90m 80| [39m    })[33m;[39m
    [90m 81| [39m

[31m[2mтОптОптОптОптОптОптОптОптОптОптОптОптОптОптОптОптОптОптОптОптОптОптОп[1/16]тОп[22m[39m

[31m[1m[7m FAIL [27m[22m[39m tests/integration/CharacterSelection.test.ts[2m > [22mGameClient Selection Fl
ow[2m > [22mshould transition to WAIT_USER_INFO after receiving CharSelected (0x15)
[31m[1mAssertionError[22m: expected 'WAIT_CHAR_SELECTED' to be 'WAIT_USER_INFO' // Object.is equality[39m

Expected: [32m"WAIT_[7mUSER_INFO[27m"[39m
Received: [31m"WAIT_[7mCHAR_SELECTED[27m"[39m

[36m [2mтЭп[22m tests/integration/CharacterSelection.test.ts:[2m93:43[22m[39m
    [90m 91| [39m        (gameClient [35mas[39m any)[33m.[39m[34mhandleHandshakePacket[39m([33mCHAR_SELEC
TED_OPCODE[39mтАж
    [90m 92| [39m        
    [90m 93| [39m        [34mexpect[39m((gameClient [35mas[39m any)[33m.[39mstate)[33m.[39m[34mtoBe[39
m([33mGameClientState[39m[33m.[39m[33mWAIT_US[39mтАж
    [90m   | [39m                                          [31m^[39m
    [90m 94| [39m    })[33m;[39m
    [90m 95| [39m})[33m;[39m

[31m[2mтОптОптОптОптОптОптОптОптОптОптОптОптОптОптОптОптОптОптОптОптОптОптОп[2/16]тОп[22m[39m

[31m[1m[7m FAIL [27m[22m[39m tests/integration/PacketProcessorFallback.test.ts[2m > [22mPacketProcessor Fa
llback[2m > [22mshould fallback to handleHandshakePacket when opcode 0x04 is received in WAIT_CHAR_LIST state
[31m[1mAssertionError[22m: expected 'WAIT_CHAR_LIST' to be 'WAIT_CHAR_SELECTED' // Object.is equality[39m

Expected: [32m"WAIT_CHAR_[7mSELECTED[27m"[39m
Received: [31m"WAIT_CHAR_[7mLIST[27m"[39m

[36m [2mтЭп[22m tests/integration/PacketProcessorFallback.test.ts:[2m110:39[22m[39m
    [90m108| [39m        
    [90m109| [39m        [90m// State should have transitioned to WAIT_CHAR_SELECTED (becau[39mтАж
    [90m110| [39m        [34mexpect[39m(gameClient[33m.[39m[34mgetState[39m())[33m.[39m[34mtoBe[39m([
33mGameClientState[39m[33m.[39m[33mWAIT_CHAR_S[39mтАж
    [90m   | [39m                                      [31m^[39m
    [90m111| [39m    })[33m;[39m
    [90m112| [39m

[31m[2mтОптОптОптОптОптОптОптОптОптОптОптОптОптОптОптОптОптОптОптОптОптОптОп[3/16]тОп[22m[39m

[31m[1m[7m FAIL [27m[22m[39m tests/new-architecture/packets/PacketEncoding.test.ts[2m > [22mPacket Encodin
g/Decoding[2m > [22mNpcInfoPacket[2m > [22mshould decode NpcInfo packet
[31m[1mAssertionError[22m: expected 600 to be 500 // Object.is equality[39m

[32m- Expected[39m
[31m+ Received[39m

[32m- 500[39m
[31m+ 600[39m

[36m [2mтЭп[22m tests/new-architecture/packets/PacketEncoding.test.ts:[2m109:28[22m[39m
    [90m107| [39m            [34mexpect[39m(data[33m.[39mnpcId)[33m.[39m[34mtoBe[39m([34m20101[39m)[3
3m;[39m
    [90m108| [39m            [34mexpect[39m(data[33m.[39mattackable)[33m.[39m[34mtoBe[39m([35mtrue[39m
)[33m;[39m
    [90m109| [39m            [34mexpect[39m(data[33m.[39mx)[33m.[39m[34mtoBe[39m([34m500[39m)[33m;[3
9m
    [90m   | [39m                           [31m^[39m
    [90m110| [39m            [34mexpect[39m(data[33m.[39my)[33m.[39m[34mtoBe[39m([34m600[39m)[33m;[3
9m
    [90m111| [39m            [34mexpect[39m(data[33m.[39mlevel)[33m.[39m[34mtoBe[39m([34m15[39m)[33m;
[39m

[31m[2mтОптОптОптОптОптОптОптОптОптОптОптОптОптОптОптОптОптОптОптОптОптОптОп[4/16]тОп[22m[39m

[31m[1m[7m FAIL [27m[22m[39m tests/new-architecture/packets/PacketHandlers.test.ts[2m > [22mPacket Handler
s[2m > [22mNpcInfoHandler[2m > [22mshould spawn new NPC
[31m[1mAssertionError[22m: expected 'c' to be 'Orc' // Object.is equality[39m

Expected: [32m"[7mOr[27mc"[39m
Received: [31m"c"[39m

[36m [2mтЭп[22m tests/new-architecture/packets/PacketHandlers.test.ts:[2m116:31[22m[39m
    [90m114| [39m            [35mconst[39m npc [33m=[39m worldRepo[33m.[39m[34mgetNpc[39m([34m99999[39
m)[33m;[39m
    [90m115| [39m            [34mexpect[39m(npc)[33m.[39mnot[33m.[39m[34mtoBeUndefined[39m()[33m;[39m
    [90m116| [39m            [34mexpect[39m(npc[33m![39m[33m.[39mname)[33m.[39m[34mtoBe[39m([32m'Orc'
[39m)[33m;[39m
    [90m   | [39m                              [31m^[39m
    [90m117| [39m            [34mexpect[39m(npc[33m![39m[33m.[39misAttackable)[33m.[39m[34mtoBe[39m([
35mtrue[39m)[33m;[39m
    [90m118| [39m

[31m[2mтОптОптОптОптОптОптОптОптОптОптОптОптОптОптОптОптОптОптОптОптОптОптОп[5/16]тОп[22m[39m

[31m[1m[7m FAIL [27m[22m[39m tests/new-architecture/packets/PacketHandlers.test.ts[2m > [22mPacket Handler
s[2m > [22mNpcInfoHandler[2m > [22mshould update existing NPC position
[31m[1mAssertionError[22m: expected 600 to be 500 // Object.is equality[39m

[32m- Expected[39m
[31m+ Received[39m

[32m- 500[39m
[31m+ 600[39m

[36m [2mтЭп[22m tests/new-architecture/packets/PacketHandlers.test.ts:[2m156:44[22m[39m
    [90m154| [39m
    [90m155| [39m            [35mconst[39m updatedNpc [33m=[39m worldRepo[33m.[39m[34mgetNpc[39m([34m99
999[39m)[33m;[39m
    [90m156| [39m            [34mexpect[39m(updatedNpc[33m![39m[33m.[39mposition[33m.[39mx)[33m.[39m[
34mtoBe[39m([34m500[39m)[33m;[39m
    [90m   | [39m                                           [31m^[39m
    [90m157| [39m            [34mexpect[39m(updatedNpc[33m![39m[33m.[39mposition[33m.[39my)[33m.[39m[
34mtoBe[39m([34m600[39m)[33m;[39m
    [90m158| [39m        })[33m;[39m

[31m[2mтОптОптОптОптОптОптОптОптОптОптОптОптОптОптОптОптОптОптОптОптОптОптОп[6/16]тОп[22m[39m

[31m[1m[7m FAIL [27m[22m[39m tests/infrastructure/protocol/game/PacketDecoder.test.ts[2m > [22mPacketDecod
er[2m > [22mdecodePacket[2m > [22mshould decode Init packet (0x00)
[31m[1mAssertionError[22m: expected 'auth.cryptinit' to be 'auth.init' // Object.is equality[39m

Expected: [32m"auth.init"[39m
Received: [31m"auth.[7mcrypt[27minit"[39m

[36m [2mтЭп[22m tests/infrastructure/protocol/game/PacketDecoder.test.ts:[2m31:33[22m[39m
    [90m 29| [39m            [35mconst[39m result [33m=[39m [34mdecodePacket[39m(message)[33m;[39m
    [90m 30| [39m
    [90m 31| [39m            [34mexpect[39m(result[33m.[39mtype)[33m.[39m[34mtoBe[39m([32m'auth.init'[
39m)[33m;[39m
    [90m   | [39m                                [31m^[39m
    [90m 32| [39m            [34mexpect[39m(result[33m.[39mpacket[33m.[39mname)[33m.[39m[34mtoBe[39m(
[32m'Init'[39m)[33m;[39m
    [90m 33| [39m            [34mexpect[39m(result[33m.[39mpacket[33m.[39mcategory)[33m.[39m[34mtoBe[3
9m([32m'AUTH'[39m)[33m;[39m

[31m[2mтОптОптОптОптОптОптОптОптОптОптОптОптОптОптОптОптОптОптОптОптОптОптОп[7/16]тОп[22m[39m

[31m[1m[7m FAIL [27m[22m[39m tests/infrastructure/protocol/game/PacketDecoder.test.ts[2m > [22mPacketDecod
er[2m > [22mdecodePacket[2m > [22mshould decode Attack packet (0x0F)
[31m[1mAssertionError[22m: expected 'system.npchtmlmessage' to be 'game.combat.attack' // Object.is equality[3
9m

Expected: [32m"game.combat.attack"[39m
Received: [31m"system.npchtmlmessage"[39m

[36m [2mтЭп[22m tests/infrastructure/protocol/game/PacketDecoder.test.ts:[2m88:33[22m[39m
    [90m 86| [39m            [35mconst[39m result [33m=[39m [34mdecodePacket[39m(message)[33m;[39m
    [90m 87| [39m
    [90m 88| [39m            [34mexpect[39m(result[33m.[39mtype)[33m.[39m[34mtoBe[39m([32m'game.combat.
attack'[39m)[33m;[39m
    [90m   | [39m                                [31m^[39m
    [90m 89| [39m            [34mexpect[39m(result[33m.[39mpacket[33m.[39mname)[33m.[39m[34mtoBe[39m(
[32m'Attack'[39m)[33m;[39m
    [90m 90| [39m            [34mexpect[39m(result[33m.[39mpacket[33m.[39mcategory)[33m.[39m[34mtoBe[3
9m([32m'COMBAT'[39m)[33m;[39m

[31m[2mтОптОптОптОптОптОптОптОптОптОптОптОптОптОптОптОптОптОптОптОптОптОптОп[8/16]тОп[22m[39m

[31m[1m[7m FAIL [27m[22m[39m tests/infrastructure/protocol/game/PacketDecoder.test.ts[2m > [22mPacketDecod
er[2m > [22mdecodePacket[2m > [22mshould decode Say2 packet (0x02)
[31m[1mAssertionError[22m: expected 'game.chat.npcsay' to be 'game.chat.say2' // Object.is equality[39m

Expected: [32m"game.chat.say[7m2[27m"[39m
Received: [31m"game.chat.[7mnpc[27msay"[39m

[36m [2mтЭп[22m tests/infrastructure/protocol/game/PacketDecoder.test.ts:[2m115:33[22m[39m
    [90m113| [39m            [35mconst[39m result [33m=[39m [34mdecodePacket[39m(message)[33m;[39m
    [90m114| [39m
    [90m115| [39m            [34mexpect[39m(result[33m.[39mtype)[33m.[39m[34mtoBe[39m([32m'game.chat.sa
y2'[39m)[33m;[39m
    [90m   | [39m                                [31m^[39m
    [90m116| [39m            [34mexpect[39m(result[33m.[39mpacket[33m.[39mname)[33m.[39m[34mtoBe[39m(
[32m'Say2'[39m)[33m;[39m
    [90m117| [39m            [34mexpect[39m(result[33m.[39mpacket[33m.[39mcategory)[33m.[39m[34mtoBe[3
9m([32m'CHAT'[39m)[33m;[39m

[31m[2mтОптОптОптОптОптОптОптОптОптОптОптОптОптОптОптОптОптОптОптОптОптОптОп[9/16]тОп[22m[39m

[31m[1m[7m FAIL [27m[22m[39m tests/infrastructure/protocol/game/PacketDecoder.test.ts[2m > [22mPacketDecod
er[2m > [22mdecodePacket[2m > [22mshould decode Die packet (0x05)
[31m[1mAssertionError[22m: expected 'game.combat.attack' to be 'game.combat.die' // Object.is equality[39m

Expected: [32m"game.combat.[7mdie[27m"[39m
Received: [31m"game.combat.[7mattack[27m"[39m

[36m [2mтЭп[22m tests/infrastructure/protocol/game/PacketDecoder.test.ts:[2m141:33[22m[39m
    [90m139| [39m            [35mconst[39m result [33m=[39m [34mdecodePacket[39m(message)[33m;[39m
    [90m140| [39m
    [90m141| [39m            [34mexpect[39m(result[33m.[39mtype)[33m.[39m[34mtoBe[39m([32m'game.combat.
die'[39m)[33m;[39m
    [90m   | [39m                                [31m^[39m
    [90m142| [39m            [34mexpect[39m(result[33m.[39mpacket[33m.[39mname)[33m.[39m[34mtoBe[39m(
[32m'Die'[39m)[33m;[39m
    [90m143| [39m            [34mexpect[39m(result[33m.[39mpacket[33m.[39mcategory)[33m.[39m[34mtoBe[3
9m([32m'COMBAT'[39m)[33m;[39m

[31m[2mтОптОптОптОптОптОптОптОптОптОптОптОптОптОптОптОптОптОптОптОптОптОп[10/16]тОп[22m[39m

[31m[1m[7m FAIL [27m[22m[39m tests/infrastructure/protocol/game/PacketDecoder.test.ts[2m > [22mPacketDecod
er[2m > [22mpacket categories mapping[2m > [22mshould map opcode 0x00 to AUTH
[31m[1mAssertionError[22m: expected 'auth.cryptinit' to be 'auth.init' // Object.is equality[39m

Expected: [32m"auth.init"[39m
Received: [31m"auth.[7mcrypt[27minit"[39m

[36m [2mтЭп[22m tests/infrastructure/protocol/game/PacketDecoder.test.ts:[2m373:37[22m[39m
    [90m371| [39m
    [90m372| [39m                [34mexpect[39m(result[33m.[39mpacket[33m.[39mcategory)[33m.[39m[34mtoB
e[39m(expectedCategory)[33m;[39m
    [90m373| [39m                [34mexpect[39m(result[33m.[39mtype)[33m.[39m[34mtoBe[39m(expectedType)
[33m;[39m
    [90m   | [39m                                    [31m^[39m
    [90m374| [39m            })[33m;[39m
    [90m375| [39m        }

[31m[2mтОптОптОптОптОптОптОптОптОптОптОптОптОптОптОптОптОптОптОптОптОптОп[11/16]тОп[22m[39m

[31m[1m[7m FAIL [27m[22m[39m tests/infrastructure/protocol/game/PacketDecoder.test.ts[2m > [22mPacketDecod
er[2m > [22mpacket categories mapping[2m > [22mshould map opcode 0x02 to CHAT
[31m[1mAssertionError[22m: expected 'game.chat.npcsay' to be 'game.chat.say2' // Object.is equality[39m

Expected: [32m"game.chat.say[7m2[27m"[39m
Received: [31m"game.chat.[7mnpc[27msay"[39m

[36m [2mтЭп[22m tests/infrastructure/protocol/game/PacketDecoder.test.ts:[2m373:37[22m[39m
    [90m371| [39m
    [90m372| [39m                [34mexpect[39m(result[33m.[39mpacket[33m.[39mcategory)[33m.[39m[34mtoB
e[39m(expectedCategory)[33m;[39m
    [90m373| [39m                [34mexpect[39m(result[33m.[39mtype)[33m.[39m[34mtoBe[39m(expectedType)
[33m;[39m
    [90m   | [39m                                    [31m^[39m
    [90m374| [39m            })[33m;[39m
    [90m375| [39m        }

[31m[2mтОптОптОптОптОптОптОптОптОптОптОптОптОптОптОптОптОптОптОптОптОптОп[12/16]тОп[22m[39m

[31m[1m[7m FAIL [27m[22m[39m tests/infrastructure/protocol/game/PacketDecoder.test.ts[2m > [22mPacketDecod
er[2m > [22mpacket categories mapping[2m > [22mshould map opcode 0x03 to COMBAT
[31m[1mAssertionError[22m: expected 'SPAWN' to be 'COMBAT' // Object.is equality[39m

Expected: [32m"COMBAT"[39m
Received: [31m"SPAWN"[39m

[36m [2mтЭп[22m tests/infrastructure/protocol/game/PacketDecoder.test.ts:[2m372:48[22m[39m
    [90m370| [39m                [35mconst[39m result [33m=[39m [34mdecodePacket[39m(message)[33m;[39m
    [90m371| [39m
    [90m372| [39m                [34mexpect[39m(result[33m.[39mpacket[33m.[39mcategory)[33m.[39m[34mtoB
e[39m(expectedCategory)[33m;[39m
    [90m   | [39m                                               [31m^[39m
    [90m373| [39m                [34mexpect[39m(result[33m.[39mtype)[33m.[39m[34mtoBe[39m(expectedType)
[33m;[39m
    [90m374| [39m            })[33m;[39m

[31m[2mтОптОптОптОптОптОптОптОптОптОптОптОптОптОптОптОптОптОптОптОптОптОп[13/16]тОп[22m[39m

[31m[1m[7m FAIL [27m[22m[39m tests/infrastructure/protocol/game/PacketDecoder.test.ts[2m > [22mPacketDecod
er[2m > [22mpacket categories mapping[2m > [22mshould map opcode 0x0b to SPAWN
[31m[1mAssertionError[22m: expected 'game.spawn.spawnitem' to be 'game.spawn.charinfo' // Object.is equality[3
9m

Expected: [32m"game.spawn.[7mcharinfo[27m"[39m
Received: [31m"game.spawn.[7mspawnitem[27m"[39m

[36m [2mтЭп[22m tests/infrastructure/protocol/game/PacketDecoder.test.ts:[2m373:37[22m[39m
    [90m371| [39m
    [90m372| [39m                [34mexpect[39m(result[33m.[39mpacket[33m.[39mcategory)[33m.[39m[34mtoB
e[39m(expectedCategory)[33m;[39m
    [90m373| [39m                [34mexpect[39m(result[33m.[39mtype)[33m.[39m[34mtoBe[39m(expectedType)
[33m;[39m
    [90m   | [39m                                    [31m^[39m
    [90m374| [39m            })[33m;[39m
    [90m375| [39m        }

[31m[2mтОптОптОптОптОптОптОптОптОптОптОптОптОптОптОптОптОптОптОптОптОптОп[14/16]тОп[22m[39m

[31m[1m[7m FAIL [27m[22m[39m tests/infrastructure/protocol/game/PacketDecoder.test.ts[2m > [22mPacketDecod
er[2m > [22mpacket categories mapping[2m > [22mshould map opcode 0x0a to INVENTORY
[31m[1mAssertionError[22m: expected 'SYSTEM' to be 'INVENTORY' // Object.is equality[39m

Expected: [32m"INVENTORY"[39m
Received: [31m"SYSTEM"[39m

[36m [2mтЭп[22m tests/infrastructure/protocol/game/PacketDecoder.test.ts:[2m372:48[22m[39m
    [90m370| [39m                [35mconst[39m result [33m=[39m [34mdecodePacket[39m(message)[33m;[39m
    [90m371| [39m
    [90m372| [39m                [34mexpect[39m(result[33m.[39mpacket[33m.[39mcategory)[33m.[39m[34mtoB
e[39m(expectedCategory)[33m;[39m
    [90m   | [39m                                               [31m^[39m
    [90m373| [39m                [34mexpect[39m(result[33m.[39mtype)[33m.[39m[34mtoBe[39m(expectedType)
[33m;[39m
    [90m374| [39m            })[33m;[39m

[31m[2mтОптОптОптОптОптОптОптОптОптОптОптОптОптОптОптОптОптОптОптОптОптОп[15/16]тОп[22m[39m

[31m[1m[7m FAIL [27m[22m[39m tests/infrastructure/protocol/game/PacketDecoder.test.ts[2m > [22mPacketDecod
er[2m > [22mpacket categories mapping[2m > [22mshould map opcode 0x20 to SYSTEM
[31m[1mAssertionError[22m: expected 'system.socialaction' to be 'system.systemmessage' // Object.is equality[3
9m

Expected: [32m"system.s[7mystemmessage[27m"[39m
Received: [31m"system.s[7mocialaction[27m"[39m

[36m [2mтЭп[22m tests/infrastructure/protocol/game/PacketDecoder.test.ts:[2m373:37[22m[39m
    [90m371| [39m
    [90m372| [39m                [34mexpect[39m(result[33m.[39mpacket[33m.[39mcategory)[33m.[39m[34mtoB
e[39m(expectedCategory)[33m;[39m
    [90m373| [39m                [34mexpect[39m(result[33m.[39mtype)[33m.[39m[34mtoBe[39m(expectedType)
[33m;[39m
    [90m   | [39m                                    [31m^[39m
    [90m374| [39m            })[33m;[39m
    [90m375| [39m        }

[31m[2mтОптОптОптОптОптОптОптОптОптОптОптОптОптОптОптОптОптОптОптОптОптОп[16/16]тОп[22m[39m

[2m Test Files [22m [1m[31m5 failed[39m[22m[2m | [22m[1m[32m14 passed[39m[22m[90m (19)[39m
[2m      Tests [22m [1m[31m16 failed[39m[22m[2m | [22m[1m[32m158 passed[39m[22m[90m (174)[39m
[2m   Start at [22m 10:59:52
[2m   Duration [22m 5.55s[2m (transform 1.71s, setup 49.29s, collect 991ms, tests 2.52s, environment 3ms, prepare 1.38s)[22m

